2026-09-30T18:04:12 | INFO    | pipeline | pipeline config=D:\cadetx\module4_pipeline\config.yaml dry_run=False
2026-09-30T18:04:12 | INFO    | pipeline | paths={'input_xlsx': 'D:\\cadetx\\online_retail_II.xlsx', 'expected_schema': 'D:\\cadetx\\module2_cleaning\\expected_schema.json', 'profiling_report': 'D:\\cadetx\\module1_profiling\\profiling_report.json', 'visuals_dir': 'D:\\cadetx\\module1_profiling\\visuals', 'cleaned_csv': 'D:\\cadetx\\module2_cleaning\\cleaned_data.csv', 'cleaning_log': 'D:\\cadetx\\module2_cleaning\\cleaning_log.json', 'validation_report': 'D:\\cadetx\\module3_validation\\validation_report.json', 'pipeline_log': 'D:\\cadetx\\module4_pipeline\\pipeline.log'}
2026-09-30T18:04:12 | INFO    | pipeline | preflight ok input_xlsx=D:\cadetx\online_retail_II.xlsx expected_schema=D:\cadetx\module2_cleaning\expected_schema.json
2026-09-30T18:04:12 | INFO    | pipeline.profiling | START stage=profiling
2026-09-30T18:04:35 | INFO    | pipeline.profiling | profiling rows=100000 columns=8 flags={'n_flags': 13, 'n_critical': 0, 'n_warning': 6, 'n_info': 7}
2026-09-30T18:04:35 | INFO    | pipeline.profiling | DONE stage=profiling elapsed_s=22.9
2026-09-30T18:04:35 | INFO    | pipeline | stage profiling status=success
2026-09-30T18:04:35 | INFO    | pipeline.cleaning | START stage=cleaning
2026-09-30T18:04:35 | INFO    | pipeline.cleaning | cleaning imputation_method=statistical+knn knn_neighbors=5 fuzzy_threshold=0.9
2026-09-30T18:05:15 | INFO    | pipeline.cleaning | cleaning rows_in=100000 rows_out=98918 quality_before=91.19 quality_after=100.0 delta=8.81
2026-09-30T18:05:15 | INFO    | pipeline.cleaning | DONE stage=cleaning elapsed_s=40.0
2026-09-30T18:05:15 | INFO    | pipeline | stage cleaning status=success
2026-09-30T18:05:15 | INFO    | pipeline.validation | START stage=validation
2026-09-30T18:05:28 | INFO    | pipeline.validation | validation health_score=84.53 grade=Watch error_severity=1.25 anomaly_severity=0.0536 drift=alert
2026-09-30T18:05:28 | WARNING | pipeline.validation | validation grade=Watch - see D:\cadetx\module3_validation\validation_report.json
2026-09-30T18:05:28 | INFO    | pipeline.validation | DONE stage=validation elapsed_s=12.6
2026-09-30T18:05:28 | INFO    | pipeline | stage validation status=success
2026-09-30T18:05:28 | INFO    | pipeline | PIPELINE SUCCEEDED elapsed_s=75.5
2026-09-30T18:30:02 | INFO    | pipeline | pipeline config=D:\cadetx\module4_pipeline\config.yaml dry_run=False
2026-09-30T18:30:02 | INFO    | pipeline | paths={'input_xlsx': 'D:\\cadetx\\online_retail_II.xlsx', 'expected_schema': 'D:\\cadetx\\module2_cleaning\\expected_schema.json', 'profiling_report': 'D:\\cadetx\\module1_profiling\\profiling_report.json', 'visuals_dir': 'D:\\cadetx\\module1_profiling\\visuals', 'cleaned_csv': 'D:\\cadetx\\module2_cleaning\\cleaned_data.csv', 'cleaning_log': 'D:\\cadetx\\module2_cleaning\\cleaning_log.json', 'validation_report': 'D:\\cadetx\\module3_validation\\validation_report.json', 'pipeline_log': 'D:\\cadetx\\module4_pipeline\\pipeline.log'}
2026-09-30T18:30:02 | INFO    | pipeline | preflight ok input_xlsx=D:\cadetx\online_retail_II.xlsx expected_schema=D:\cadetx\module2_cleaning\expected_schema.json
2026-09-30T18:30:02 | INFO    | pipeline.profiling | START stage=profiling
2026-09-30T18:30:37 | INFO    | pipeline.profiling | profiling rows=100000 columns=8 flags={'n_flags': 13, 'n_critical': 0, 'n_warning': 6, 'n_info': 7}
2026-09-30T18:30:37 | INFO    | pipeline.profiling | DONE stage=profiling elapsed_s=34.8
2026-09-30T18:30:37 | INFO    | pipeline | stage profiling status=success
2026-09-30T18:30:37 | INFO    | pipeline.cleaning | START stage=cleaning
2026-09-30T18:30:37 | INFO    | pipeline.cleaning | cleaning imputation_method=statistical+knn knn_neighbors=5 fuzzy_threshold=0.9
2026-09-30T18:30:56 | INFO    | pipeline.cleaning | cleaning rows_in=100000 rows_out=98918 quality_before=91.19 quality_after=100.0 delta=8.81
2026-09-30T18:30:56 | INFO    | pipeline.cleaning | DONE stage=cleaning elapsed_s=18.8
2026-09-30T18:30:56 | INFO    | pipeline | stage cleaning status=success
2026-09-30T18:30:56 | INFO    | pipeline.validation | START stage=validation
2026-09-30T18:31:01 | INFO    | pipeline.validation | validation health_score=84.53 grade=Watch error_severity=1.25 anomaly_severity=0.0536 drift=alert
2026-09-30T18:31:01 | WARNING | pipeline.validation | validation grade=Watch - see D:\cadetx\module3_validation\validation_report.json
2026-09-30T18:31:01 | INFO    | pipeline.validation | DONE stage=validation elapsed_s=4.9
2026-09-30T18:31:01 | INFO    | pipeline | stage validation status=success
2026-09-30T18:31:01 | INFO    | pipeline | PIPELINE SUCCEEDED elapsed_s=58.4
